* installing *source* package ‘BSTFA’ ...
** this is package ‘BSTFA’ version ‘0.1.0’
** using staged installation
** libs
using C++ compiler: ‘Apple clang version 17.0.0 (clang-1700.0.13.3)’
using SDK: ‘MacOSX15.4.sdk’
clang++ -arch arm64 -std=gnu++17 -I"/Library/Frameworks/R.framework/Resources/include" -DNDEBUG  -I'/Library/Frameworks/R.framework/Versions/4.5-arm64/Resources/library/Rcpp/include' -I'/Library/Frameworks/R.framework/Versions/4.5-arm64/Resources/library/RcppArmadillo/include' -I/opt/R/arm64/include    -fPIC  -falign-functions=64 -Wall -g -O2   -c RcppExports.cpp -o RcppExports.o
clang++ -arch arm64 -std=gnu++17 -I"/Library/Frameworks/R.framework/Resources/include" -DNDEBUG  -I'/Library/Frameworks/R.framework/Versions/4.5-arm64/Resources/library/Rcpp/include' -I'/Library/Frameworks/R.framework/Versions/4.5-arm64/Resources/library/RcppArmadillo/include' -I/opt/R/arm64/include    -fPIC  -falign-functions=64 -Wall -g -O2   -c SampleFactorsOriginal.cpp -o SampleFactorsOriginal.o
clang++ -arch arm64 -std=gnu++17 -dynamiclib -Wl,-headerpad_max_install_names -undefined dynamic_lookup -L/Library/Frameworks/R.framework/Resources/lib -L/opt/R/arm64/lib -o BSTFA.so RcppExports.o SampleFactorsOriginal.o -F/Library/Frameworks/R.framework/.. -framework R
installing to /Users/cberrett/Documents/Research/TempChange/STFAModel/BSTFA/BSTFA.Rcheck/00LOCK-BSTFA/00new/BSTFA/libs
** R
** data
*** moving datasets to lazyload DB
** byte-compile and prepare package for lazy loading
Warning: replacing previous import ‘Matrix::image’ by ‘graphics::image’ when loading ‘BSTFA’
Warning: replacing previous import ‘Matrix::cov2cor’ by ‘stats::cov2cor’ when loading ‘BSTFA’
Warning: replacing previous import ‘Matrix::toeplitz’ by ‘stats::toeplitz’ when loading ‘BSTFA’
Warning: replacing previous import ‘Matrix::update’ by ‘stats::update’ when loading ‘BSTFA’
** help
*** installing help indices
** building package indices
** installing vignettes
** testing if installed package can be loaded from temporary location
Warning: replacing previous import ‘Matrix::image’ by ‘graphics::image’ when loading ‘BSTFA’
Warning: replacing previous import ‘Matrix::cov2cor’ by ‘stats::cov2cor’ when loading ‘BSTFA’
Warning: replacing previous import ‘Matrix::toeplitz’ by ‘stats::toeplitz’ when loading ‘BSTFA’
Warning: replacing previous import ‘Matrix::update’ by ‘stats::update’ when loading ‘BSTFA’
** checking absolute paths in shared objects and dynamic libraries
** testing if installed package can be loaded from final location
Warning: replacing previous import ‘Matrix::image’ by ‘graphics::image’ when loading ‘BSTFA’
Warning: replacing previous import ‘Matrix::cov2cor’ by ‘stats::cov2cor’ when loading ‘BSTFA’
Warning: replacing previous import ‘Matrix::toeplitz’ by ‘stats::toeplitz’ when loading ‘BSTFA’
Warning: replacing previous import ‘Matrix::update’ by ‘stats::update’ when loading ‘BSTFA’
** testing if installed package keeps a record of temporary installation path
* DONE (BSTFA)
