Hmm ... looks like a package
Converting parsed Rd's to LaTeX .
Creating pdf output from LaTeX ...

This is pdfTeX, Version 3.141592653-2.6-1.40.26 (TeX Live 2024) (preloaded format=pdflatex)
 restricted \write18 enabled.
entering extended mode
LaTeX2e <2024-11-01> patch level 2
L3 programming layer <2025-01-18>
(./Rd2.tex
(/Users/cberrett/Library/TinyTeX/texmf-dist/tex/latex/base/book.cls
Document Class: book 2024/06/29 v1.4n Standard LaTeX document class
(/Users/cberrett/Library/TinyTeX/texmf-dist/tex/latex/base/bk10.clo)) (/Library/Frameworks/R.framework/Resources/share/texmf/tex/latex/Rd.sty (/Users/cberrett/Library/TinyTeX/texmf-dist/tex/latex/base/ifthen.sty) (/Users/cberrett/Library/TinyTeX/texmf-dist/tex/generic/iftex/iftex.sty) (/Users/cberrett/Library/TinyTeX/texmf-dist/tex/latex/tools/longtable.sty) (/Users/cberrett/Library/TinyTeX/texmf-dist/tex/latex/tools/bm.sty) (/Users/cberrett/Library/TinyTeX/texmf-dist/tex/latex/base/alltt.sty) (/Users/cberrett/Library/TinyTeX/texmf-dist/tex/latex/tools/verbatim.sty) (/Users/cberrett/Library/TinyTeX/texmf-dist/tex/latex/url/url.sty) (/Users/cberrett/Library/TinyTeX/texmf-dist/tex/latex/base/textcomp.sty) (/Users/cberrett/Library/TinyTeX/texmf-dist/tex/latex/amsmath/amsmath.sty
For additional information on amsmath, use the `?' option.
(/Users/cberrett/Library/TinyTeX/texmf-dist/tex/latex/amsmath/amstext.sty (/Users/cberrett/Library/TinyTeX/texmf-dist/tex/latex/amsmath/amsgen.sty)) (/Users/cberrett/Library/TinyTeX/texmf-dist/tex/latex/amsmath/amsbsy.sty) (/Users/cberrett/Library/TinyTeX/texmf-dist/tex/latex/amsmath/amsopn.sty)) (/Users/cberrett/Library/TinyTeX/texmf-dist/tex/latex/amsfonts/amsfonts.sty) (/Users/cberrett/Library/TinyTeX/texmf-dist/tex/latex/amsfonts/amssymb.sty) (/Users/cberrett/Library/TinyTeX/texmf-dist/tex/latex/jknapltx/mathrsfs.sty) (/Users/cberrett/Library/TinyTeX/texmf-dist/tex/latex/base/fontenc.sty) (/Users/cberrett/Library/TinyTeX/texmf-dist/tex/latex/psnfss/times.sty) (/Users/cberrett/Library/TinyTeX/texmf-dist/tex/latex/inconsolata/zi4.sty `inconsolata-zi4' v1.12, 2019/05/17 Text macros for Inconsolata (msharpe) (/Users/cberrett/Library/TinyTeX/texmf-dist/tex/latex/xkeyval/xkeyval.sty (/Users/cberrett/Library/TinyTeX/texmf-dist/tex/generic/xkeyval/xkeyval.tex (/Users/cberrett/Library/TinyTeX/texmf-dist/tex/generic/xkeyval/xkvutils.tex (/Users/cberrett/Library/TinyTeX/texmf-dist/tex/generic/xkeyval/keyval.tex))))) (/Users/cberrett/Library/TinyTeX/texmf-dist/tex/latex/graphics/color.sty (/Users/cberrett/Library/TinyTeX/texmf-dist/tex/latex/graphics-cfg/color.cfg) (/Users/cberrett/Library/TinyTeX/texmf-dist/tex/latex/graphics-def/pdftex.def) (/Users/cberrett/Library/TinyTeX/texmf-dist/tex/latex/graphics/mathcolor.ltx)) (/Users/cberrett/Library/TinyTeX/texmf-dist/tex/latex/hyperref/hyperref.sty (/Users/cberrett/Library/TinyTeX/texmf-dist/tex/latex/kvsetkeys/kvsetkeys.sty) (/Users/cberrett/Library/TinyTeX/texmf-dist/tex/generic/kvdefinekeys/kvdefinekeys.sty) (/Users/cberrett/Library/TinyTeX/texmf-dist/tex/generic/pdfescape/pdfescape.sty (/Users/cberrett/Library/TinyTeX/texmf-dist/tex/generic/ltxcmds/ltxcmds.sty) (/Users/cberrett/Library/TinyTeX/texmf-dist/tex/generic/pdftexcmds/pdftexcmds.sty (/Users/cberrett/Library/TinyTeX/texmf-dist/tex/generic/infwarerr/infwarerr.sty))) (/Users/cberrett/Library/TinyTeX/texmf-dist/tex/latex/hycolor/hycolor.sty) (/Users/cberrett/Library/TinyTeX/texmf-dist/tex/latex/hyperref/nameref.sty (/Users/cberrett/Library/TinyTeX/texmf-dist/tex/latex/refcount/refcount.sty) (/Users/cberrett/Library/TinyTeX/texmf-dist/tex/generic/gettitlestring/gettitlestring.sty (/Users/cberrett/Library/TinyTeX/texmf-dist/tex/latex/kvoptions/kvoptions.sty))) (/Users/cberrett/Library/TinyTeX/texmf-dist/tex/latex/etoolbox/etoolbox.sty) (/Users/cberrett/Library/TinyTeX/texmf-dist/tex/generic/stringenc/stringenc.sty) (/Users/cberrett/Library/TinyTeX/texmf-dist/tex/latex/hyperref/pd1enc.def) (/Users/cberrett/Library/TinyTeX/texmf-dist/tex/generic/intcalc/intcalc.sty) (/Users/cberrett/Library/TinyTeX/texmf-dist/tex/latex/hyperref/puenc.def) (/Users/cberrett/Library/TinyTeX/texmf-dist/tex/generic/bitset/bitset.sty (/Users/cberrett/Library/TinyTeX/texmf-dist/tex/generic/bigintcalc/bigintcalc.sty)) (/Users/cberrett/Library/TinyTeX/texmf-dist/tex/latex/base/atbegshi-ltx.sty)) (/Users/cberrett/Library/TinyTeX/texmf-dist/tex/latex/hyperref/hpdftex.def (/Users/cberrett/Library/TinyTeX/texmf-dist/tex/latex/base/atveryend-ltx.sty) (/Users/cberrett/Library/TinyTeX/texmf-dist/tex/latex/rerunfilecheck/rerunfilecheck.sty (/Users/cberrett/Library/TinyTeX/texmf-dist/tex/generic/uniquecounter/uniquecounter.sty)))) (/Users/cberrett/Library/TinyTeX/texmf-dist/tex/latex/base/makeidx.sty)
Writing index file Rd2.idx
(/Users/cberrett/Library/TinyTeX/texmf-dist/tex/latex/psnfss/t1ptm.fd) (/Users/cberrett/Library/TinyTeX/texmf-dist/tex/latex/l3backend/l3backend-pdftex.def)
No file Rd2.aux.
(/Users/cberrett/Library/TinyTeX/texmf-dist/tex/latex/inconsolata/t1zi4.fd) (/Users/cberrett/Library/TinyTeX/texmf-dist/tex/latex/amsfonts/umsa.fd) (/Users/cberrett/Library/TinyTeX/texmf-dist/tex/latex/amsfonts/umsb.fd) (/Users/cberrett/Library/TinyTeX/texmf-dist/tex/latex/jknapltx/ursfs.fd)
No file Rd2.toc.

Overfull \hbox (9.36694pt too wide) in paragraph at lines 43--44
[]\T1/ptm/m/n/10 Function to eval-u-ate bisquare bases for 1-dimensional space. Used in-ter-nally in []\T1/zi4/m/n/10 BSTFA []\T1/ptm/m/n/10 and []\T1/zi4/m/n/10 BSTFAfull[]\T1/ptm/m/n/10 . 

[1{/Users/cberrett/Library/TinyTeX/texmf-var/fonts/map/pdftex/updmap/pdftex.map}{/Users/cberrett/Library/TinyTeX/texmf-dist/fonts/enc/dvips/base/8r.enc}{/Users/cberrett/Library/TinyTeX/texmf-dist/fonts/enc/dvips/inconsolata/i4-t1-0.enc}]
Overfull \hbox (9.36694pt too wide) in paragraph at lines 66--67
[]\T1/ptm/m/n/10 Function to eval-u-ate bisquare bases for 2-dimensional space. Used in-ter-nally in []\T1/zi4/m/n/10 BSTFA []\T1/ptm/m/n/10 and []\T1/zi4/m/n/10 BSTFAfull[]\T1/ptm/m/n/10 . 

[2]
[3]
Overfull \hbox (27.45981pt too wide) in paragraph at lines 167--168
\T1/ptm/m/n/10 po-nents. The de-fault value is []\T1/zi4/m/n/10 min(7, ceiling(length(unique(yday(dates)))/3))[]\T1/ptm/m/n/10 ,
(/Users/cberrett/Library/TinyTeX/texmf-dist/tex/latex/inconsolata/ts1zi4.fd)
Overfull \hbox (7.89809pt too wide) in paragraph at lines 171--172
[]\T1/ptm/m/n/10 Numeric scalar in-di-cat-ing the num-ber of spa-tial bases to use when []\T1/zi4/m/n/10 spatial.style

Overfull \hbox (50.67824pt too wide) in paragraph at lines 173--174
[]\T1/ptm/m/n/10 Numeric scalar in-di-cat-ing the num-ber of res-o-lu-tions to use for when []\T1/zi4/m/n/10 spatial.style=\TS1/zi4/m/n/10 '\T1/zi4/m/n/10 grid\TS1/zi4/m/n/10 '

Overfull \hbox (0.647pt too wide) in paragraph at lines 175--176
[]\T1/ptm/m/n/10 Numeric scalar in-di-cat-ing the max-i-mum dis-tance at which a ba-sis value is greater

[4{/Users/cberrett/Library/TinyTeX/texmf-dist/fonts/enc/dvips/inconsolata/i4-ts1.enc}]
Overfull \hbox (24.34853pt too wide) in paragraph at lines 179--180
[]\T1/ptm/m/n/10 Logical scalar in-di-cat-ing whether to plot the knots used when []\T1/zi4/m/n/10 spatial.style=\TS1/zi4/m/n/10 '\T1/zi4/m/n/10 grid\TS1/zi4/m/n/10 '

Overfull \hbox (43.46956pt too wide) in paragraph at lines 189--190
\T1/ptm/m/n/10 as or dif-fer-ent than []\T1/zi4/m/n/10 n.spatial.bases[]\T1/ptm/m/n/10 . De-fault is []\T1/zi4/m/n/10 min(6, ceiling(dim(coords)[1]/3))[]\T1/ptm/m/n/10 . 

Overfull \hbox (6.73912pt too wide) in paragraph at lines 191--192
[]\T1/ptm/m/n/10 (as-sumed to be lon-gi-tude) for the Fourier bases when []\T1/zi4/m/n/10 spatial.style=\TS1/zi4/m/n/10 '\T1/zi4/m/n/10 fourier\TS1/zi4/m/n/10 '

Overfull \hbox (6.06992pt too wide) in paragraph at lines 191--192
[]\T1/ptm/m/n/10 and/or []\T1/zi4/m/n/10 load.style=\TS1/zi4/m/n/10 '\T1/zi4/m/n/10 fourier\TS1/zi4/m/n/10 '[]\T1/ptm/m/n/10 . De-fault value is []\T1/zi4/m/n/10 4*diff(range(coords[,1]))[]\T1/ptm/m/n/10 . 

Overfull \hbox (6.06992pt too wide) in paragraph at lines 193--194
[]\T1/ptm/m/n/10 and/or []\T1/zi4/m/n/10 load.style=\TS1/zi4/m/n/10 '\T1/zi4/m/n/10 fourier\TS1/zi4/m/n/10 '[]\T1/ptm/m/n/10 . De-fault value is []\T1/zi4/m/n/10 4*diff(range(coords[,2]))[]\T1/ptm/m/n/10 . 

[5]
Overfull \hbox (12.24747pt too wide) in paragraph at lines 240--241
[]\T1/ptm/m/n/10 An mcmc ob-ject of size []\T1/zi4/m/n/10 draws []\T1/ptm/m/n/10 by []\T1/zi4/m/n/10 n.locs []\T1/ptm/m/n/10 con-tain-ing the pos-te-rior draws for the in-crease/decrease

[6]
Overfull \hbox (5.67712pt too wide) in paragraph at lines 255--256
\T1/ptm/m/n/10 of spa-tial ba-sis co-ef-fi-cients for the mean, lin-ear, and sea-sonal pro-cess co-ef-fi-cients. []\T1/zi4/m/n/10 linear.Tsub

Overfull \hbox (5.21715pt too wide) in paragraph at lines 255--256
[]\T1/ptm/m/n/10 is the ma-trix used to en-force a lin-ear in-crease/increase (slope) across time. []\T1/zi4/m/n/10 seasonal.bs.basis

Overfull \hbox (6.6876pt too wide) in paragraph at lines 255--256
[]\T1/ptm/m/n/10 is the ma-trix con-tain-ing the cir-cu-lar b-splines of the sea-sonal pro-cess. []\T1/zi4/m/n/10 confoundingPmat.prime

[7]
[8]
Overfull \hbox (82.45981pt too wide) in paragraph at lines 371--372
\T1/ptm/m/n/10 po-nents. The de-fault value is []\T1/zi4/m/n/10 min(7, ceiling(length(unique(lubridate::yday(dates)))/3))[]\T1/ptm/m/n/10 ,

[9]
Overfull \hbox (7.89809pt too wide) in paragraph at lines 375--376
[]\T1/ptm/m/n/10 Numeric scalar in-di-cat-ing the num-ber of spa-tial bases to use when []\T1/zi4/m/n/10 spatial.style

Overfull \hbox (53.17824pt too wide) in paragraph at lines 377--378
[]\T1/ptm/m/n/10 Numeric scalar in-di-cat-ing the num-ber of res-o-lu-tions to use for when []\T1/zi4/m/n/10 spatial.style=\TS1/zi4/m/n/10 '\T1/zi4/m/n/10 grid\TS1/zi4/m/n/10 '[]\T1/ptm/m/n/10 .

Overfull \hbox (0.647pt too wide) in paragraph at lines 379--380
[]\T1/ptm/m/n/10 Numeric scalar in-di-cat-ing the max-i-mum dis-tance at which a ba-sis value is greater

Overfull \hbox (5.40976pt too wide) in paragraph at lines 379--380
\T1/ptm/m/n/10 than zero when []\T1/zi4/m/n/10 spatial.style=\TS1/zi4/m/n/10 '\T1/zi4/m/n/10 grid\TS1/zi4/m/n/10 '[]\T1/ptm/m/n/10 . De-fault value is []\T1/zi4/m/n/10 mean(dist(coords))[]\T1/ptm/m/n/10 . 

Overfull \hbox (26.84853pt too wide) in paragraph at lines 383--384
[]\T1/ptm/m/n/10 Logical scalar in-di-cat-ing whether to plot the knots used when []\T1/zi4/m/n/10 spatial.style=\TS1/zi4/m/n/10 '\T1/zi4/m/n/10 grid\TS1/zi4/m/n/10 '[]\T1/ptm/m/n/10 .

Overfull \hbox (9.23912pt too wide) in paragraph at lines 385--386
[]\T1/ptm/m/n/10 (as-sumed to be lon-gi-tude) for the Fourier bases when []\T1/zi4/m/n/10 spatial.style=\TS1/zi4/m/n/10 '\T1/zi4/m/n/10 fourier\TS1/zi4/m/n/10 '[]\T1/ptm/m/n/10 .

Overfull \hbox (1.45895pt too wide) in paragraph at lines 387--388
[]\T1/ptm/m/n/10 (as-sumed to be lat-i-tude) for the Fourier bases when []\T1/zi4/m/n/10 spatial.style=\TS1/zi4/m/n/10 '\T1/zi4/m/n/10 fourier\TS1/zi4/m/n/10 '[]\T1/ptm/m/n/10 .

[10]
Overfull \hbox (7.59836pt too wide) in paragraph at lines 441--442
\T1/ptm/m/n/10 gres-sive cor-re-la-tion ma-trix for the fac-tors. De-fault is []\T1/zi4/m/n/10 matrix(0.001, n.factors,

[11]
Overfull \hbox (12.24747pt too wide) in paragraph at lines 466--467
[]\T1/ptm/m/n/10 An mcmc ob-ject of size []\T1/zi4/m/n/10 draws []\T1/ptm/m/n/10 by []\T1/zi4/m/n/10 n.locs []\T1/ptm/m/n/10 con-tain-ing the pos-te-rior draws for the in-crease/decrease

[12]
Overfull \hbox (5.67712pt too wide) in paragraph at lines 481--482
\T1/ptm/m/n/10 of spa-tial ba-sis co-ef-fi-cients for the mean, lin-ear, and sea-sonal pro-cess co-ef-fi-cients. []\T1/zi4/m/n/10 linear.Tsub

Overfull \hbox (5.21715pt too wide) in paragraph at lines 481--482
[]\T1/ptm/m/n/10 is the ma-trix used to en-force a lin-ear in-crease/increase (slope) across time. []\T1/zi4/m/n/10 seasonal.bs.basis

Overfull \hbox (6.6876pt too wide) in paragraph at lines 481--482
[]\T1/ptm/m/n/10 is the ma-trix con-tain-ing the cir-cu-lar b-splines of the sea-sonal pro-cess. []\T1/zi4/m/n/10 confoundingPmat.prime

[13]
[14]
[15]
Overfull \hbox (33.8784pt too wide) in paragraph at lines 659--660
[]\T1/ptm/m/n/10 Maximum dis-tance be-tween an ob-ser-va-tion and a knot. De-fault is []\T1/zi4/m/n/10 mean(dist(coords))[]\T1/ptm/m/n/10 . 

[16]
[17]
[18]
[19]
Overfull \hbox (33.09036pt too wide) in paragraph at lines 856--856
 []  \T1/zi4/m/n/10 color.gradient = colorRampPalette(rev(RColorBrewer::brewer.pal(9, name = "RdBu")))(50)[] 

Overfull \hbox (104.41895pt too wide) in paragraph at lines 873--874
[]\T1/ptm/m/n/10 The color palette to use for the plot. De-fault is []\T1/zi4/m/n/10 colorRampPalette(rev(RColorBrewer::brewer.pal(9,

[20]
[21]
Overfull \hbox (104.41895pt too wide) in paragraph at lines 995--996
[]\T1/ptm/m/n/10 The color palette to use for the plot. De-fault is []\T1/zi4/m/n/10 colorRampPalette(rev(RColorBrewer::brewer.pal(9,

[22]
Overfull \hbox (37.80907pt too wide) in paragraph at lines 1003--1004
[]\T1/ptm/m/n/10 Name of re-gion to in-clude in the map. Fed to []\T1/zi4/m/n/10 region []\T1/ptm/m/n/10 in the func-tion []\T1/zi4/m/n/10 ggplot2::map_data[]\T1/ptm/m/n/10 . 

[23]
[24]
No file Rd2.ind.

[25] (/private/var/folders/9m/5m_kgz6s43s87jgls3tcc6j40000gp/T/RtmpxMlgIy/Rd2pdfecdb71d5960/Rd2.aux)

Package rerunfilecheck Warning: File `Rd2.out' has changed.
(rerunfilecheck)                Rerun to get outlines right
(rerunfilecheck)                or use package `bookmark'.

 )
(see the transcript file for additional information) </Users/cberrett/Library/TinyTeX/texmf-var/fonts/pk/ljfour/jknappen/ec/tcrm1000.600pk></Users/cberrett/Library/TinyTeX/texmf-dist/fonts/type1/public/inconsolata/Inconsolata-zi4r.pfb></Users/cberrett/Library/TinyTeX/texmf-dist/fonts/type1/urw/times/utmb8a.pfb></Users/cberrett/Library/TinyTeX/texmf-dist/fonts/type1/urw/times/utmr8a.pfb></Users/cberrett/Library/TinyTeX/texmf-dist/fonts/type1/urw/times/utmr8a.pfb></Users/cberrett/Library/TinyTeX/texmf-dist/fonts/type1/urw/times/utmri8a.pfb>
Output written on Rd2.pdf (25 pages, 135494 bytes).
Transcript written on Rd2.log.
This is makeindex, version 2.17 [TeX Live 2024] (kpathsea + Thai support).
Scanning input file Rd2.idx....done (20 entries accepted, 0 rejected).
Sorting entries....done (109 comparisons).
Generating output file Rd2.ind....done (43 lines written, 0 warnings).
Output written in Rd2.ind.
Transcript written in Rd2.ilg.
This is pdfTeX, Version 3.141592653-2.6-1.40.26 (TeX Live 2024) (preloaded format=pdflatex)
 restricted \write18 enabled.
entering extended mode
LaTeX2e <2024-11-01> patch level 2
L3 programming layer <2025-01-18>
(./Rd2.tex
(/Users/cberrett/Library/TinyTeX/texmf-dist/tex/latex/base/book.cls
Document Class: book 2024/06/29 v1.4n Standard LaTeX document class
(/Users/cberrett/Library/TinyTeX/texmf-dist/tex/latex/base/bk10.clo)) (/Library/Frameworks/R.framework/Resources/share/texmf/tex/latex/Rd.sty (/Users/cberrett/Library/TinyTeX/texmf-dist/tex/latex/base/ifthen.sty) (/Users/cberrett/Library/TinyTeX/texmf-dist/tex/generic/iftex/iftex.sty) (/Users/cberrett/Library/TinyTeX/texmf-dist/tex/latex/tools/longtable.sty) (/Users/cberrett/Library/TinyTeX/texmf-dist/tex/latex/tools/bm.sty) (/Users/cberrett/Library/TinyTeX/texmf-dist/tex/latex/base/alltt.sty) (/Users/cberrett/Library/TinyTeX/texmf-dist/tex/latex/tools/verbatim.sty) (/Users/cberrett/Library/TinyTeX/texmf-dist/tex/latex/url/url.sty) (/Users/cberrett/Library/TinyTeX/texmf-dist/tex/latex/base/textcomp.sty) (/Users/cberrett/Library/TinyTeX/texmf-dist/tex/latex/amsmath/amsmath.sty
For additional information on amsmath, use the `?' option.
(/Users/cberrett/Library/TinyTeX/texmf-dist/tex/latex/amsmath/amstext.sty (/Users/cberrett/Library/TinyTeX/texmf-dist/tex/latex/amsmath/amsgen.sty)) (/Users/cberrett/Library/TinyTeX/texmf-dist/tex/latex/amsmath/amsbsy.sty) (/Users/cberrett/Library/TinyTeX/texmf-dist/tex/latex/amsmath/amsopn.sty)) (/Users/cberrett/Library/TinyTeX/texmf-dist/tex/latex/amsfonts/amsfonts.sty) (/Users/cberrett/Library/TinyTeX/texmf-dist/tex/latex/amsfonts/amssymb.sty) (/Users/cberrett/Library/TinyTeX/texmf-dist/tex/latex/jknapltx/mathrsfs.sty) (/Users/cberrett/Library/TinyTeX/texmf-dist/tex/latex/base/fontenc.sty) (/Users/cberrett/Library/TinyTeX/texmf-dist/tex/latex/psnfss/times.sty) (/Users/cberrett/Library/TinyTeX/texmf-dist/tex/latex/inconsolata/zi4.sty `inconsolata-zi4' v1.12, 2019/05/17 Text macros for Inconsolata (msharpe) (/Users/cberrett/Library/TinyTeX/texmf-dist/tex/latex/xkeyval/xkeyval.sty (/Users/cberrett/Library/TinyTeX/texmf-dist/tex/generic/xkeyval/xkeyval.tex (/Users/cberrett/Library/TinyTeX/texmf-dist/tex/generic/xkeyval/xkvutils.tex (/Users/cberrett/Library/TinyTeX/texmf-dist/tex/generic/xkeyval/keyval.tex))))) (/Users/cberrett/Library/TinyTeX/texmf-dist/tex/latex/graphics/color.sty (/Users/cberrett/Library/TinyTeX/texmf-dist/tex/latex/graphics-cfg/color.cfg) (/Users/cberrett/Library/TinyTeX/texmf-dist/tex/latex/graphics-def/pdftex.def) (/Users/cberrett/Library/TinyTeX/texmf-dist/tex/latex/graphics/mathcolor.ltx)) (/Users/cberrett/Library/TinyTeX/texmf-dist/tex/latex/hyperref/hyperref.sty (/Users/cberrett/Library/TinyTeX/texmf-dist/tex/latex/kvsetkeys/kvsetkeys.sty) (/Users/cberrett/Library/TinyTeX/texmf-dist/tex/generic/kvdefinekeys/kvdefinekeys.sty) (/Users/cberrett/Library/TinyTeX/texmf-dist/tex/generic/pdfescape/pdfescape.sty (/Users/cberrett/Library/TinyTeX/texmf-dist/tex/generic/ltxcmds/ltxcmds.sty) (/Users/cberrett/Library/TinyTeX/texmf-dist/tex/generic/pdftexcmds/pdftexcmds.sty (/Users/cberrett/Library/TinyTeX/texmf-dist/tex/generic/infwarerr/infwarerr.sty))) (/Users/cberrett/Library/TinyTeX/texmf-dist/tex/latex/hycolor/hycolor.sty) (/Users/cberrett/Library/TinyTeX/texmf-dist/tex/latex/hyperref/nameref.sty (/Users/cberrett/Library/TinyTeX/texmf-dist/tex/latex/refcount/refcount.sty) (/Users/cberrett/Library/TinyTeX/texmf-dist/tex/generic/gettitlestring/gettitlestring.sty (/Users/cberrett/Library/TinyTeX/texmf-dist/tex/latex/kvoptions/kvoptions.sty))) (/Users/cberrett/Library/TinyTeX/texmf-dist/tex/latex/etoolbox/etoolbox.sty) (/Users/cberrett/Library/TinyTeX/texmf-dist/tex/generic/stringenc/stringenc.sty) (/Users/cberrett/Library/TinyTeX/texmf-dist/tex/latex/hyperref/pd1enc.def) (/Users/cberrett/Library/TinyTeX/texmf-dist/tex/generic/intcalc/intcalc.sty) (/Users/cberrett/Library/TinyTeX/texmf-dist/tex/latex/hyperref/puenc.def) (/Users/cberrett/Library/TinyTeX/texmf-dist/tex/generic/bitset/bitset.sty (/Users/cberrett/Library/TinyTeX/texmf-dist/tex/generic/bigintcalc/bigintcalc.sty)) (/Users/cberrett/Library/TinyTeX/texmf-dist/tex/latex/base/atbegshi-ltx.sty)) (/Users/cberrett/Library/TinyTeX/texmf-dist/tex/latex/hyperref/hpdftex.def (/Users/cberrett/Library/TinyTeX/texmf-dist/tex/latex/base/atveryend-ltx.sty) (/Users/cberrett/Library/TinyTeX/texmf-dist/tex/latex/rerunfilecheck/rerunfilecheck.sty (/Users/cberrett/Library/TinyTeX/texmf-dist/tex/generic/uniquecounter/uniquecounter.sty)))) (/Users/cberrett/Library/TinyTeX/texmf-dist/tex/latex/base/makeidx.sty)
Writing index file Rd2.idx
(/Users/cberrett/Library/TinyTeX/texmf-dist/tex/latex/psnfss/t1ptm.fd) (/Users/cberrett/Library/TinyTeX/texmf-dist/tex/latex/l3backend/l3backend-pdftex.def) (/private/var/folders/9m/5m_kgz6s43s87jgls3tcc6j40000gp/T/RtmpxMlgIy/Rd2pdfecdb71d5960/Rd2.aux) (/private/var/folders/9m/5m_kgz6s43s87jgls3tcc6j40000gp/T/RtmpxMlgIy/Rd2pdfecdb71d5960/Rd2.out) (/private/var/folders/9m/5m_kgz6s43s87jgls3tcc6j40000gp/T/RtmpxMlgIy/Rd2pdfecdb71d5960/Rd2.out) (/Users/cberrett/Library/TinyTeX/texmf-dist/tex/latex/inconsolata/t1zi4.fd) (/Users/cberrett/Library/TinyTeX/texmf-dist/tex/latex/amsfonts/umsa.fd) (/Users/cberrett/Library/TinyTeX/texmf-dist/tex/latex/amsfonts/umsb.fd) (/Users/cberrett/Library/TinyTeX/texmf-dist/tex/latex/jknapltx/ursfs.fd) (/private/var/folders/9m/5m_kgz6s43s87jgls3tcc6j40000gp/T/RtmpxMlgIy/Rd2pdfecdb71d5960/Rd2.toc
[1{/Users/cberrett/Library/TinyTeX/texmf-var/fonts/map/pdftex/updmap/pdftex.map}{/Users/cberrett/Library/TinyTeX/texmf-dist/fonts/enc/dvips/base/8r.enc}{/Users/cberrett/Library/TinyTeX/texmf-dist/fonts/enc/dvips/inconsolata/i4-t1-0.enc}])
Overfull \hbox (9.36694pt too wide) in paragraph at lines 43--44
[]\T1/ptm/m/n/10 Function to eval-u-ate bisquare bases for 1-dimensional space. Used in-ter-nally in []\T1/zi4/m/n/10 BSTFA []\T1/ptm/m/n/10 and []\T1/zi4/m/n/10 BSTFAfull[]\T1/ptm/m/n/10 . 

Overfull \hbox (9.36694pt too wide) in paragraph at lines 66--67
[]\T1/ptm/m/n/10 Function to eval-u-ate bisquare bases for 2-dimensional space. Used in-ter-nally in []\T1/zi4/m/n/10 BSTFA []\T1/ptm/m/n/10 and []\T1/zi4/m/n/10 BSTFAfull[]\T1/ptm/m/n/10 . 

[2]
[3]
Overfull \hbox (27.45981pt too wide) in paragraph at lines 167--168
\T1/ptm/m/n/10 po-nents. The de-fault value is []\T1/zi4/m/n/10 min(7, ceiling(length(unique(yday(dates)))/3))[]\T1/ptm/m/n/10 ,
(/Users/cberrett/Library/TinyTeX/texmf-dist/tex/latex/inconsolata/ts1zi4.fd)
Overfull \hbox (7.89809pt too wide) in paragraph at lines 171--172
[]\T1/ptm/m/n/10 Numeric scalar in-di-cat-ing the num-ber of spa-tial bases to use when []\T1/zi4/m/n/10 spatial.style

Overfull \hbox (50.67824pt too wide) in paragraph at lines 173--174
[]\T1/ptm/m/n/10 Numeric scalar in-di-cat-ing the num-ber of res-o-lu-tions to use for when []\T1/zi4/m/n/10 spatial.style=\TS1/zi4/m/n/10 '\T1/zi4/m/n/10 grid\TS1/zi4/m/n/10 '

Overfull \hbox (0.647pt too wide) in paragraph at lines 175--176
[]\T1/ptm/m/n/10 Numeric scalar in-di-cat-ing the max-i-mum dis-tance at which a ba-sis value is greater

[4{/Users/cberrett/Library/TinyTeX/texmf-dist/fonts/enc/dvips/inconsolata/i4-ts1.enc}]
Overfull \hbox (24.34853pt too wide) in paragraph at lines 179--180
[]\T1/ptm/m/n/10 Logical scalar in-di-cat-ing whether to plot the knots used when []\T1/zi4/m/n/10 spatial.style=\TS1/zi4/m/n/10 '\T1/zi4/m/n/10 grid\TS1/zi4/m/n/10 '

Overfull \hbox (43.46956pt too wide) in paragraph at lines 189--190
\T1/ptm/m/n/10 as or dif-fer-ent than []\T1/zi4/m/n/10 n.spatial.bases[]\T1/ptm/m/n/10 . De-fault is []\T1/zi4/m/n/10 min(6, ceiling(dim(coords)[1]/3))[]\T1/ptm/m/n/10 . 

Overfull \hbox (6.73912pt too wide) in paragraph at lines 191--192
[]\T1/ptm/m/n/10 (as-sumed to be lon-gi-tude) for the Fourier bases when []\T1/zi4/m/n/10 spatial.style=\TS1/zi4/m/n/10 '\T1/zi4/m/n/10 fourier\TS1/zi4/m/n/10 '

Overfull \hbox (6.06992pt too wide) in paragraph at lines 191--192
[]\T1/ptm/m/n/10 and/or []\T1/zi4/m/n/10 load.style=\TS1/zi4/m/n/10 '\T1/zi4/m/n/10 fourier\TS1/zi4/m/n/10 '[]\T1/ptm/m/n/10 . De-fault value is []\T1/zi4/m/n/10 4*diff(range(coords[,1]))[]\T1/ptm/m/n/10 . 

Overfull \hbox (6.06992pt too wide) in paragraph at lines 193--194
[]\T1/ptm/m/n/10 and/or []\T1/zi4/m/n/10 load.style=\TS1/zi4/m/n/10 '\T1/zi4/m/n/10 fourier\TS1/zi4/m/n/10 '[]\T1/ptm/m/n/10 . De-fault value is []\T1/zi4/m/n/10 4*diff(range(coords[,2]))[]\T1/ptm/m/n/10 . 

[5]
Overfull \hbox (12.24747pt too wide) in paragraph at lines 240--241
[]\T1/ptm/m/n/10 An mcmc ob-ject of size []\T1/zi4/m/n/10 draws []\T1/ptm/m/n/10 by []\T1/zi4/m/n/10 n.locs []\T1/ptm/m/n/10 con-tain-ing the pos-te-rior draws for the in-crease/decrease

[6]
Overfull \hbox (5.67712pt too wide) in paragraph at lines 255--256
\T1/ptm/m/n/10 of spa-tial ba-sis co-ef-fi-cients for the mean, lin-ear, and sea-sonal pro-cess co-ef-fi-cients. []\T1/zi4/m/n/10 linear.Tsub

Overfull \hbox (5.21715pt too wide) in paragraph at lines 255--256
[]\T1/ptm/m/n/10 is the ma-trix used to en-force a lin-ear in-crease/increase (slope) across time. []\T1/zi4/m/n/10 seasonal.bs.basis

Overfull \hbox (6.6876pt too wide) in paragraph at lines 255--256
[]\T1/ptm/m/n/10 is the ma-trix con-tain-ing the cir-cu-lar b-splines of the sea-sonal pro-cess. []\T1/zi4/m/n/10 confoundingPmat.prime

[7]
[8]
Overfull \hbox (82.45981pt too wide) in paragraph at lines 371--372
\T1/ptm/m/n/10 po-nents. The de-fault value is []\T1/zi4/m/n/10 min(7, ceiling(length(unique(lubridate::yday(dates)))/3))[]\T1/ptm/m/n/10 ,

[9]
Overfull \hbox (7.89809pt too wide) in paragraph at lines 375--376
[]\T1/ptm/m/n/10 Numeric scalar in-di-cat-ing the num-ber of spa-tial bases to use when []\T1/zi4/m/n/10 spatial.style

Overfull \hbox (53.17824pt too wide) in paragraph at lines 377--378
[]\T1/ptm/m/n/10 Numeric scalar in-di-cat-ing the num-ber of res-o-lu-tions to use for when []\T1/zi4/m/n/10 spatial.style=\TS1/zi4/m/n/10 '\T1/zi4/m/n/10 grid\TS1/zi4/m/n/10 '[]\T1/ptm/m/n/10 .

Overfull \hbox (0.647pt too wide) in paragraph at lines 379--380
[]\T1/ptm/m/n/10 Numeric scalar in-di-cat-ing the max-i-mum dis-tance at which a ba-sis value is greater

Overfull \hbox (5.40976pt too wide) in paragraph at lines 379--380
\T1/ptm/m/n/10 than zero when []\T1/zi4/m/n/10 spatial.style=\TS1/zi4/m/n/10 '\T1/zi4/m/n/10 grid\TS1/zi4/m/n/10 '[]\T1/ptm/m/n/10 . De-fault value is []\T1/zi4/m/n/10 mean(dist(coords))[]\T1/ptm/m/n/10 . 

Overfull \hbox (26.84853pt too wide) in paragraph at lines 383--384
[]\T1/ptm/m/n/10 Logical scalar in-di-cat-ing whether to plot the knots used when []\T1/zi4/m/n/10 spatial.style=\TS1/zi4/m/n/10 '\T1/zi4/m/n/10 grid\TS1/zi4/m/n/10 '[]\T1/ptm/m/n/10 .

Overfull \hbox (9.23912pt too wide) in paragraph at lines 385--386
[]\T1/ptm/m/n/10 (as-sumed to be lon-gi-tude) for the Fourier bases when []\T1/zi4/m/n/10 spatial.style=\TS1/zi4/m/n/10 '\T1/zi4/m/n/10 fourier\TS1/zi4/m/n/10 '[]\T1/ptm/m/n/10 .

Overfull \hbox (1.45895pt too wide) in paragraph at lines 387--388
[]\T1/ptm/m/n/10 (as-sumed to be lat-i-tude) for the Fourier bases when []\T1/zi4/m/n/10 spatial.style=\TS1/zi4/m/n/10 '\T1/zi4/m/n/10 fourier\TS1/zi4/m/n/10 '[]\T1/ptm/m/n/10 .

[10]
Overfull \hbox (7.59836pt too wide) in paragraph at lines 441--442
\T1/ptm/m/n/10 gres-sive cor-re-la-tion ma-trix for the fac-tors. De-fault is []\T1/zi4/m/n/10 matrix(0.001, n.factors,

[11]
Overfull \hbox (12.24747pt too wide) in paragraph at lines 466--467
[]\T1/ptm/m/n/10 An mcmc ob-ject of size []\T1/zi4/m/n/10 draws []\T1/ptm/m/n/10 by []\T1/zi4/m/n/10 n.locs []\T1/ptm/m/n/10 con-tain-ing the pos-te-rior draws for the in-crease/decrease

[12]
Overfull \hbox (5.67712pt too wide) in paragraph at lines 481--482
\T1/ptm/m/n/10 of spa-tial ba-sis co-ef-fi-cients for the mean, lin-ear, and sea-sonal pro-cess co-ef-fi-cients. []\T1/zi4/m/n/10 linear.Tsub

Overfull \hbox (5.21715pt too wide) in paragraph at lines 481--482
[]\T1/ptm/m/n/10 is the ma-trix used to en-force a lin-ear in-crease/increase (slope) across time. []\T1/zi4/m/n/10 seasonal.bs.basis

Overfull \hbox (6.6876pt too wide) in paragraph at lines 481--482
[]\T1/ptm/m/n/10 is the ma-trix con-tain-ing the cir-cu-lar b-splines of the sea-sonal pro-cess. []\T1/zi4/m/n/10 confoundingPmat.prime

[13]
[14]
[15]
Overfull \hbox (33.8784pt too wide) in paragraph at lines 659--660
[]\T1/ptm/m/n/10 Maximum dis-tance be-tween an ob-ser-va-tion and a knot. De-fault is []\T1/zi4/m/n/10 mean(dist(coords))[]\T1/ptm/m/n/10 . 

[16]
[17]
[18]
[19]
Overfull \hbox (33.09036pt too wide) in paragraph at lines 856--856
 []  \T1/zi4/m/n/10 color.gradient = colorRampPalette(rev(RColorBrewer::brewer.pal(9, name = "RdBu")))(50)[] 

Overfull \hbox (104.41895pt too wide) in paragraph at lines 873--874
[]\T1/ptm/m/n/10 The color palette to use for the plot. De-fault is []\T1/zi4/m/n/10 colorRampPalette(rev(RColorBrewer::brewer.pal(9,

[20]
[21]
Overfull \hbox (104.41895pt too wide) in paragraph at lines 995--996
[]\T1/ptm/m/n/10 The color palette to use for the plot. De-fault is []\T1/zi4/m/n/10 colorRampPalette(rev(RColorBrewer::brewer.pal(9,

[22]
Overfull \hbox (37.80907pt too wide) in paragraph at lines 1003--1004
[]\T1/ptm/m/n/10 Name of re-gion to in-clude in the map. Fed to []\T1/zi4/m/n/10 region []\T1/ptm/m/n/10 in the func-tion []\T1/zi4/m/n/10 ggplot2::map_data[]\T1/ptm/m/n/10 . 

[23]
[24] (/private/var/folders/9m/5m_kgz6s43s87jgls3tcc6j40000gp/T/RtmpxMlgIy/Rd2pdfecdb71d5960/Rd2.ind
[25]

[26]) (/private/var/folders/9m/5m_kgz6s43s87jgls3tcc6j40000gp/T/RtmpxMlgIy/Rd2pdfecdb71d5960/Rd2.aux)

Package rerunfilecheck Warning: File `Rd2.out' has changed.
(rerunfilecheck)                Rerun to get outlines right
(rerunfilecheck)                or use package `bookmark'.

 )
(see the transcript file for additional information) </Users/cberrett/Library/TinyTeX/texmf-var/fonts/pk/ljfour/jknappen/ec/tcrm1000.600pk></Users/cberrett/Library/TinyTeX/texmf-dist/fonts/type1/public/inconsolata/Inconsolata-zi4r.pfb></Users/cberrett/Library/TinyTeX/texmf-dist/fonts/type1/public/amsfonts/cm/cmsy10.pfb></Users/cberrett/Library/TinyTeX/texmf-dist/fonts/type1/urw/times/utmb8a.pfb></Users/cberrett/Library/TinyTeX/texmf-dist/fonts/type1/urw/times/utmr8a.pfb></Users/cberrett/Library/TinyTeX/texmf-dist/fonts/type1/urw/times/utmr8a.pfb></Users/cberrett/Library/TinyTeX/texmf-dist/fonts/type1/urw/times/utmri8a.pfb>
Output written on Rd2.pdf (26 pages, 147553 bytes).
Transcript written on Rd2.log.
This is makeindex, version 2.17 [TeX Live 2024] (kpathsea + Thai support).
Scanning input file Rd2.idx....done (20 entries accepted, 0 rejected).
Sorting entries....done (109 comparisons).
Generating output file Rd2.ind....done (43 lines written, 0 warnings).
Output written in Rd2.ind.
Transcript written in Rd2.ilg.
This is pdfTeX, Version 3.141592653-2.6-1.40.26 (TeX Live 2024) (preloaded format=pdflatex)
 restricted \write18 enabled.
entering extended mode
LaTeX2e <2024-11-01> patch level 2
L3 programming layer <2025-01-18>
(./Rd2.tex
(/Users/cberrett/Library/TinyTeX/texmf-dist/tex/latex/base/book.cls
Document Class: book 2024/06/29 v1.4n Standard LaTeX document class
(/Users/cberrett/Library/TinyTeX/texmf-dist/tex/latex/base/bk10.clo)) (/Library/Frameworks/R.framework/Resources/share/texmf/tex/latex/Rd.sty (/Users/cberrett/Library/TinyTeX/texmf-dist/tex/latex/base/ifthen.sty) (/Users/cberrett/Library/TinyTeX/texmf-dist/tex/generic/iftex/iftex.sty) (/Users/cberrett/Library/TinyTeX/texmf-dist/tex/latex/tools/longtable.sty) (/Users/cberrett/Library/TinyTeX/texmf-dist/tex/latex/tools/bm.sty) (/Users/cberrett/Library/TinyTeX/texmf-dist/tex/latex/base/alltt.sty) (/Users/cberrett/Library/TinyTeX/texmf-dist/tex/latex/tools/verbatim.sty) (/Users/cberrett/Library/TinyTeX/texmf-dist/tex/latex/url/url.sty) (/Users/cberrett/Library/TinyTeX/texmf-dist/tex/latex/base/textcomp.sty) (/Users/cberrett/Library/TinyTeX/texmf-dist/tex/latex/amsmath/amsmath.sty
For additional information on amsmath, use the `?' option.
(/Users/cberrett/Library/TinyTeX/texmf-dist/tex/latex/amsmath/amstext.sty (/Users/cberrett/Library/TinyTeX/texmf-dist/tex/latex/amsmath/amsgen.sty)) (/Users/cberrett/Library/TinyTeX/texmf-dist/tex/latex/amsmath/amsbsy.sty) (/Users/cberrett/Library/TinyTeX/texmf-dist/tex/latex/amsmath/amsopn.sty)) (/Users/cberrett/Library/TinyTeX/texmf-dist/tex/latex/amsfonts/amsfonts.sty) (/Users/cberrett/Library/TinyTeX/texmf-dist/tex/latex/amsfonts/amssymb.sty) (/Users/cberrett/Library/TinyTeX/texmf-dist/tex/latex/jknapltx/mathrsfs.sty) (/Users/cberrett/Library/TinyTeX/texmf-dist/tex/latex/base/fontenc.sty) (/Users/cberrett/Library/TinyTeX/texmf-dist/tex/latex/psnfss/times.sty) (/Users/cberrett/Library/TinyTeX/texmf-dist/tex/latex/inconsolata/zi4.sty `inconsolata-zi4' v1.12, 2019/05/17 Text macros for Inconsolata (msharpe) (/Users/cberrett/Library/TinyTeX/texmf-dist/tex/latex/xkeyval/xkeyval.sty (/Users/cberrett/Library/TinyTeX/texmf-dist/tex/generic/xkeyval/xkeyval.tex (/Users/cberrett/Library/TinyTeX/texmf-dist/tex/generic/xkeyval/xkvutils.tex (/Users/cberrett/Library/TinyTeX/texmf-dist/tex/generic/xkeyval/keyval.tex))))) (/Users/cberrett/Library/TinyTeX/texmf-dist/tex/latex/graphics/color.sty (/Users/cberrett/Library/TinyTeX/texmf-dist/tex/latex/graphics-cfg/color.cfg) (/Users/cberrett/Library/TinyTeX/texmf-dist/tex/latex/graphics-def/pdftex.def) (/Users/cberrett/Library/TinyTeX/texmf-dist/tex/latex/graphics/mathcolor.ltx)) (/Users/cberrett/Library/TinyTeX/texmf-dist/tex/latex/hyperref/hyperref.sty (/Users/cberrett/Library/TinyTeX/texmf-dist/tex/latex/kvsetkeys/kvsetkeys.sty) (/Users/cberrett/Library/TinyTeX/texmf-dist/tex/generic/kvdefinekeys/kvdefinekeys.sty) (/Users/cberrett/Library/TinyTeX/texmf-dist/tex/generic/pdfescape/pdfescape.sty (/Users/cberrett/Library/TinyTeX/texmf-dist/tex/generic/ltxcmds/ltxcmds.sty) (/Users/cberrett/Library/TinyTeX/texmf-dist/tex/generic/pdftexcmds/pdftexcmds.sty (/Users/cberrett/Library/TinyTeX/texmf-dist/tex/generic/infwarerr/infwarerr.sty))) (/Users/cberrett/Library/TinyTeX/texmf-dist/tex/latex/hycolor/hycolor.sty) (/Users/cberrett/Library/TinyTeX/texmf-dist/tex/latex/hyperref/nameref.sty (/Users/cberrett/Library/TinyTeX/texmf-dist/tex/latex/refcount/refcount.sty) (/Users/cberrett/Library/TinyTeX/texmf-dist/tex/generic/gettitlestring/gettitlestring.sty (/Users/cberrett/Library/TinyTeX/texmf-dist/tex/latex/kvoptions/kvoptions.sty))) (/Users/cberrett/Library/TinyTeX/texmf-dist/tex/latex/etoolbox/etoolbox.sty) (/Users/cberrett/Library/TinyTeX/texmf-dist/tex/generic/stringenc/stringenc.sty) (/Users/cberrett/Library/TinyTeX/texmf-dist/tex/latex/hyperref/pd1enc.def) (/Users/cberrett/Library/TinyTeX/texmf-dist/tex/generic/intcalc/intcalc.sty) (/Users/cberrett/Library/TinyTeX/texmf-dist/tex/latex/hyperref/puenc.def) (/Users/cberrett/Library/TinyTeX/texmf-dist/tex/generic/bitset/bitset.sty (/Users/cberrett/Library/TinyTeX/texmf-dist/tex/generic/bigintcalc/bigintcalc.sty)) (/Users/cberrett/Library/TinyTeX/texmf-dist/tex/latex/base/atbegshi-ltx.sty)) (/Users/cberrett/Library/TinyTeX/texmf-dist/tex/latex/hyperref/hpdftex.def (/Users/cberrett/Library/TinyTeX/texmf-dist/tex/latex/base/atveryend-ltx.sty) (/Users/cberrett/Library/TinyTeX/texmf-dist/tex/latex/rerunfilecheck/rerunfilecheck.sty (/Users/cberrett/Library/TinyTeX/texmf-dist/tex/generic/uniquecounter/uniquecounter.sty)))) (/Users/cberrett/Library/TinyTeX/texmf-dist/tex/latex/base/makeidx.sty)
Writing index file Rd2.idx
(/Users/cberrett/Library/TinyTeX/texmf-dist/tex/latex/psnfss/t1ptm.fd) (/Users/cberrett/Library/TinyTeX/texmf-dist/tex/latex/l3backend/l3backend-pdftex.def) (/private/var/folders/9m/5m_kgz6s43s87jgls3tcc6j40000gp/T/RtmpxMlgIy/Rd2pdfecdb71d5960/Rd2.aux) (/private/var/folders/9m/5m_kgz6s43s87jgls3tcc6j40000gp/T/RtmpxMlgIy/Rd2pdfecdb71d5960/Rd2.out) (/private/var/folders/9m/5m_kgz6s43s87jgls3tcc6j40000gp/T/RtmpxMlgIy/Rd2pdfecdb71d5960/Rd2.out) (/Users/cberrett/Library/TinyTeX/texmf-dist/tex/latex/inconsolata/t1zi4.fd) (/Users/cberrett/Library/TinyTeX/texmf-dist/tex/latex/amsfonts/umsa.fd) (/Users/cberrett/Library/TinyTeX/texmf-dist/tex/latex/amsfonts/umsb.fd) (/Users/cberrett/Library/TinyTeX/texmf-dist/tex/latex/jknapltx/ursfs.fd) (/private/var/folders/9m/5m_kgz6s43s87jgls3tcc6j40000gp/T/RtmpxMlgIy/Rd2pdfecdb71d5960/Rd2.toc
[1{/Users/cberrett/Library/TinyTeX/texmf-var/fonts/map/pdftex/updmap/pdftex.map}{/Users/cberrett/Library/TinyTeX/texmf-dist/fonts/enc/dvips/base/8r.enc}{/Users/cberrett/Library/TinyTeX/texmf-dist/fonts/enc/dvips/inconsolata/i4-t1-0.enc}])
Overfull \hbox (9.36694pt too wide) in paragraph at lines 43--44
[]\T1/ptm/m/n/10 Function to eval-u-ate bisquare bases for 1-dimensional space. Used in-ter-nally in []\T1/zi4/m/n/10 BSTFA []\T1/ptm/m/n/10 and []\T1/zi4/m/n/10 BSTFAfull[]\T1/ptm/m/n/10 . 

Overfull \hbox (9.36694pt too wide) in paragraph at lines 66--67
[]\T1/ptm/m/n/10 Function to eval-u-ate bisquare bases for 2-dimensional space. Used in-ter-nally in []\T1/zi4/m/n/10 BSTFA []\T1/ptm/m/n/10 and []\T1/zi4/m/n/10 BSTFAfull[]\T1/ptm/m/n/10 . 

[2]
[3]
Overfull \hbox (27.45981pt too wide) in paragraph at lines 167--168
\T1/ptm/m/n/10 po-nents. The de-fault value is []\T1/zi4/m/n/10 min(7, ceiling(length(unique(yday(dates)))/3))[]\T1/ptm/m/n/10 ,
(/Users/cberrett/Library/TinyTeX/texmf-dist/tex/latex/inconsolata/ts1zi4.fd)
Overfull \hbox (7.89809pt too wide) in paragraph at lines 171--172
[]\T1/ptm/m/n/10 Numeric scalar in-di-cat-ing the num-ber of spa-tial bases to use when []\T1/zi4/m/n/10 spatial.style

Overfull \hbox (50.67824pt too wide) in paragraph at lines 173--174
[]\T1/ptm/m/n/10 Numeric scalar in-di-cat-ing the num-ber of res-o-lu-tions to use for when []\T1/zi4/m/n/10 spatial.style=\TS1/zi4/m/n/10 '\T1/zi4/m/n/10 grid\TS1/zi4/m/n/10 '

Overfull \hbox (0.647pt too wide) in paragraph at lines 175--176
[]\T1/ptm/m/n/10 Numeric scalar in-di-cat-ing the max-i-mum dis-tance at which a ba-sis value is greater

[4{/Users/cberrett/Library/TinyTeX/texmf-dist/fonts/enc/dvips/inconsolata/i4-ts1.enc}]
Overfull \hbox (24.34853pt too wide) in paragraph at lines 179--180
[]\T1/ptm/m/n/10 Logical scalar in-di-cat-ing whether to plot the knots used when []\T1/zi4/m/n/10 spatial.style=\TS1/zi4/m/n/10 '\T1/zi4/m/n/10 grid\TS1/zi4/m/n/10 '

Overfull \hbox (43.46956pt too wide) in paragraph at lines 189--190
\T1/ptm/m/n/10 as or dif-fer-ent than []\T1/zi4/m/n/10 n.spatial.bases[]\T1/ptm/m/n/10 . De-fault is []\T1/zi4/m/n/10 min(6, ceiling(dim(coords)[1]/3))[]\T1/ptm/m/n/10 . 

Overfull \hbox (6.73912pt too wide) in paragraph at lines 191--192
[]\T1/ptm/m/n/10 (as-sumed to be lon-gi-tude) for the Fourier bases when []\T1/zi4/m/n/10 spatial.style=\TS1/zi4/m/n/10 '\T1/zi4/m/n/10 fourier\TS1/zi4/m/n/10 '

Overfull \hbox (6.06992pt too wide) in paragraph at lines 191--192
[]\T1/ptm/m/n/10 and/or []\T1/zi4/m/n/10 load.style=\TS1/zi4/m/n/10 '\T1/zi4/m/n/10 fourier\TS1/zi4/m/n/10 '[]\T1/ptm/m/n/10 . De-fault value is []\T1/zi4/m/n/10 4*diff(range(coords[,1]))[]\T1/ptm/m/n/10 . 

Overfull \hbox (6.06992pt too wide) in paragraph at lines 193--194
[]\T1/ptm/m/n/10 and/or []\T1/zi4/m/n/10 load.style=\TS1/zi4/m/n/10 '\T1/zi4/m/n/10 fourier\TS1/zi4/m/n/10 '[]\T1/ptm/m/n/10 . De-fault value is []\T1/zi4/m/n/10 4*diff(range(coords[,2]))[]\T1/ptm/m/n/10 . 

[5]
Overfull \hbox (12.24747pt too wide) in paragraph at lines 240--241
[]\T1/ptm/m/n/10 An mcmc ob-ject of size []\T1/zi4/m/n/10 draws []\T1/ptm/m/n/10 by []\T1/zi4/m/n/10 n.locs []\T1/ptm/m/n/10 con-tain-ing the pos-te-rior draws for the in-crease/decrease

[6]
Overfull \hbox (5.67712pt too wide) in paragraph at lines 255--256
\T1/ptm/m/n/10 of spa-tial ba-sis co-ef-fi-cients for the mean, lin-ear, and sea-sonal pro-cess co-ef-fi-cients. []\T1/zi4/m/n/10 linear.Tsub

Overfull \hbox (5.21715pt too wide) in paragraph at lines 255--256
[]\T1/ptm/m/n/10 is the ma-trix used to en-force a lin-ear in-crease/increase (slope) across time. []\T1/zi4/m/n/10 seasonal.bs.basis

Overfull \hbox (6.6876pt too wide) in paragraph at lines 255--256
[]\T1/ptm/m/n/10 is the ma-trix con-tain-ing the cir-cu-lar b-splines of the sea-sonal pro-cess. []\T1/zi4/m/n/10 confoundingPmat.prime

[7]
[8]
Overfull \hbox (82.45981pt too wide) in paragraph at lines 371--372
\T1/ptm/m/n/10 po-nents. The de-fault value is []\T1/zi4/m/n/10 min(7, ceiling(length(unique(lubridate::yday(dates)))/3))[]\T1/ptm/m/n/10 ,

[9]
Overfull \hbox (7.89809pt too wide) in paragraph at lines 375--376
[]\T1/ptm/m/n/10 Numeric scalar in-di-cat-ing the num-ber of spa-tial bases to use when []\T1/zi4/m/n/10 spatial.style

Overfull \hbox (53.17824pt too wide) in paragraph at lines 377--378
[]\T1/ptm/m/n/10 Numeric scalar in-di-cat-ing the num-ber of res-o-lu-tions to use for when []\T1/zi4/m/n/10 spatial.style=\TS1/zi4/m/n/10 '\T1/zi4/m/n/10 grid\TS1/zi4/m/n/10 '[]\T1/ptm/m/n/10 .

Overfull \hbox (0.647pt too wide) in paragraph at lines 379--380
[]\T1/ptm/m/n/10 Numeric scalar in-di-cat-ing the max-i-mum dis-tance at which a ba-sis value is greater

Overfull \hbox (5.40976pt too wide) in paragraph at lines 379--380
\T1/ptm/m/n/10 than zero when []\T1/zi4/m/n/10 spatial.style=\TS1/zi4/m/n/10 '\T1/zi4/m/n/10 grid\TS1/zi4/m/n/10 '[]\T1/ptm/m/n/10 . De-fault value is []\T1/zi4/m/n/10 mean(dist(coords))[]\T1/ptm/m/n/10 . 

Overfull \hbox (26.84853pt too wide) in paragraph at lines 383--384
[]\T1/ptm/m/n/10 Logical scalar in-di-cat-ing whether to plot the knots used when []\T1/zi4/m/n/10 spatial.style=\TS1/zi4/m/n/10 '\T1/zi4/m/n/10 grid\TS1/zi4/m/n/10 '[]\T1/ptm/m/n/10 .

Overfull \hbox (9.23912pt too wide) in paragraph at lines 385--386
[]\T1/ptm/m/n/10 (as-sumed to be lon-gi-tude) for the Fourier bases when []\T1/zi4/m/n/10 spatial.style=\TS1/zi4/m/n/10 '\T1/zi4/m/n/10 fourier\TS1/zi4/m/n/10 '[]\T1/ptm/m/n/10 .

Overfull \hbox (1.45895pt too wide) in paragraph at lines 387--388
[]\T1/ptm/m/n/10 (as-sumed to be lat-i-tude) for the Fourier bases when []\T1/zi4/m/n/10 spatial.style=\TS1/zi4/m/n/10 '\T1/zi4/m/n/10 fourier\TS1/zi4/m/n/10 '[]\T1/ptm/m/n/10 .

[10]
Overfull \hbox (7.59836pt too wide) in paragraph at lines 441--442
\T1/ptm/m/n/10 gres-sive cor-re-la-tion ma-trix for the fac-tors. De-fault is []\T1/zi4/m/n/10 matrix(0.001, n.factors,

[11]
Overfull \hbox (12.24747pt too wide) in paragraph at lines 466--467
[]\T1/ptm/m/n/10 An mcmc ob-ject of size []\T1/zi4/m/n/10 draws []\T1/ptm/m/n/10 by []\T1/zi4/m/n/10 n.locs []\T1/ptm/m/n/10 con-tain-ing the pos-te-rior draws for the in-crease/decrease

[12]
Overfull \hbox (5.67712pt too wide) in paragraph at lines 481--482
\T1/ptm/m/n/10 of spa-tial ba-sis co-ef-fi-cients for the mean, lin-ear, and sea-sonal pro-cess co-ef-fi-cients. []\T1/zi4/m/n/10 linear.Tsub

Overfull \hbox (5.21715pt too wide) in paragraph at lines 481--482
[]\T1/ptm/m/n/10 is the ma-trix used to en-force a lin-ear in-crease/increase (slope) across time. []\T1/zi4/m/n/10 seasonal.bs.basis

Overfull \hbox (6.6876pt too wide) in paragraph at lines 481--482
[]\T1/ptm/m/n/10 is the ma-trix con-tain-ing the cir-cu-lar b-splines of the sea-sonal pro-cess. []\T1/zi4/m/n/10 confoundingPmat.prime

[13]
[14]
[15]
Overfull \hbox (33.8784pt too wide) in paragraph at lines 659--660
[]\T1/ptm/m/n/10 Maximum dis-tance be-tween an ob-ser-va-tion and a knot. De-fault is []\T1/zi4/m/n/10 mean(dist(coords))[]\T1/ptm/m/n/10 . 

[16]
[17]
[18]
[19]
Overfull \hbox (33.09036pt too wide) in paragraph at lines 856--856
 []  \T1/zi4/m/n/10 color.gradient = colorRampPalette(rev(RColorBrewer::brewer.pal(9, name = "RdBu")))(50)[] 

Overfull \hbox (104.41895pt too wide) in paragraph at lines 873--874
[]\T1/ptm/m/n/10 The color palette to use for the plot. De-fault is []\T1/zi4/m/n/10 colorRampPalette(rev(RColorBrewer::brewer.pal(9,

[20]
[21]
Overfull \hbox (104.41895pt too wide) in paragraph at lines 995--996
[]\T1/ptm/m/n/10 The color palette to use for the plot. De-fault is []\T1/zi4/m/n/10 colorRampPalette(rev(RColorBrewer::brewer.pal(9,

[22]
Overfull \hbox (37.80907pt too wide) in paragraph at lines 1003--1004
[]\T1/ptm/m/n/10 Name of re-gion to in-clude in the map. Fed to []\T1/zi4/m/n/10 region []\T1/ptm/m/n/10 in the func-tion []\T1/zi4/m/n/10 ggplot2::map_data[]\T1/ptm/m/n/10 . 

[23]
[24] (/private/var/folders/9m/5m_kgz6s43s87jgls3tcc6j40000gp/T/RtmpxMlgIy/Rd2pdfecdb71d5960/Rd2.ind
[25]

[26]) (/private/var/folders/9m/5m_kgz6s43s87jgls3tcc6j40000gp/T/RtmpxMlgIy/Rd2pdfecdb71d5960/Rd2.aux) )
(see the transcript file for additional information) </Users/cberrett/Library/TinyTeX/texmf-var/fonts/pk/ljfour/jknappen/ec/tcrm1000.600pk></Users/cberrett/Library/TinyTeX/texmf-dist/fonts/type1/public/inconsolata/Inconsolata-zi4r.pfb></Users/cberrett/Library/TinyTeX/texmf-dist/fonts/type1/public/amsfonts/cm/cmsy10.pfb></Users/cberrett/Library/TinyTeX/texmf-dist/fonts/type1/urw/times/utmb8a.pfb></Users/cberrett/Library/TinyTeX/texmf-dist/fonts/type1/urw/times/utmr8a.pfb></Users/cberrett/Library/TinyTeX/texmf-dist/fonts/type1/urw/times/utmr8a.pfb></Users/cberrett/Library/TinyTeX/texmf-dist/fonts/type1/urw/times/utmri8a.pfb>
Output written on Rd2.pdf (26 pages, 147913 bytes).
Transcript written on Rd2.log.
Saving output to ‘BSTFA-manual.pdf’ ...
Done
You may want to clean up by 'rm -Rf /var/folders/9m/5m_kgz6s43s87jgls3tcc6j40000gp/T//RtmpxMlgIy/Rd2pdfecdb71d5960'
